// Jest Snapshot v1, https://goo.gl/fbAQLP

exports[`Button rendering test 1`] = `
<button
  className="button centered btn btn-primary"
  disabled={false}
  onClick={[Function]}
  type="button"
>
  Click Me
</button>
`;
